<?xml version="1.0" encoding="utf-8"?>
<TestRun id="5dbddc1e-b663-4c18-9a58-36a31a4875d5" name="ericz@ERICZSURFACE 2026-05-06 18:27:14" runUser="ERICZSURFACE\ericz" xmlns="http://microsoft.com/schemas/VisualStudio/TeamTest/2010">
  <Times creation="2026-05-06T18:27:14.7462974-07:00" queuing="2026-05-06T18:27:14.7462975-07:00" start="2026-05-06T18:27:13.5530084-07:00" finish="2026-05-06T18:27:14.7517617-07:00" />
  <TestSettings name="default" id="2c6b457b-42f7-4180-b525-fb688ef1e50b">
    <Deployment runDeploymentRoot="ericz_ERICZSURFACE_2026-05-06_18_27_14" />
  </TestSettings>
  <Results>
    <UnitTestResult executionId="bf9b2fa2-afec-42b0-814e-b4338b1f57a3" testId="9b55ef0d-534a-4cee-fc08-1e507d1da294" testName="Devanagari_virama_at_start_of_input_is_one_token" computerName="ERICZSURFACE" duration="00:00:00.0008170" startTime="2026-05-06T18:27:14.4906278-07:00" endTime="2026-05-06T18:27:14.4914448-07:00" testType="13cdc9d9-ddb5-4fa4-a97d-d965ccfc6d4b" outcome="Passed" testListId="8c84fa94-04c1-424b-9868-57a2d4851a1d" relativeResultsDirectory="bf9b2fa2-afec-42b0-814e-b4338b1f57a3" />
    <UnitTestResult executionId="442d74e7-9572-468a-b95b-cae9a0c8c214" testId="a671ca85-18c2-dfe1-ece2-e9359d502189" testName="Identifier_works_on_multi_script_input" computerName="ERICZSURFACE" duration="00:00:00.1714950" startTime="2026-05-06T18:27:14.3131307-07:00" endTime="2026-05-06T18:27:14.4846247-07:00" testType="13cdc9d9-ddb5-4fa4-a97d-d965ccfc6d4b" outcome="Failed" testListId="8c84fa94-04c1-424b-9868-57a2d4851a1d" relativeResultsDirectory="442d74e7-9572-468a-b95b-cae9a0c8c214">
      <Output>
        <ErrorInfo>
          <Message>  Devanagari&#xD;
Assert.That(name.Parse("हिन्दी").Success, Is.True)&#xD;
  Expected: True&#xD;
  But was:  False&#xD;
</Message>
          <StackTrace>   at InductorParser.Tests.DocExamples.UnicodeGotchasExamples.Identifier_works_on_multi_script_input() in C:\Users\ericz\Enlistments\InductorCSParserWorktrees\StateMachine\src\InductorParser.Tests\DocExamples\UnicodeGotchasExamples.cs:line 57&#xD;

1)    at InductorParser.Tests.DocExamples.UnicodeGotchasExamples.Identifier_works_on_multi_script_input() in C:\Users\ericz\Enlistments\InductorCSParserWorktrees\StateMachine\src\InductorParser.Tests\DocExamples\UnicodeGotchasExamples.cs:line 57&#xD;

</StackTrace>
        </ErrorInfo>
      </Output>
    </UnitTestResult>
    <UnitTestResult executionId="96cd1d1e-1039-4b88-96d0-982d7eb76d54" testId="4ad0de88-12c2-44bb-79a0-7a63f7908c4c" testName="Devanagari_consonant_plus_vowel_sign_grapheme_matches" computerName="ERICZSURFACE" duration="00:00:00.0660410" startTime="2026-05-06T18:27:14.4915264-07:00" endTime="2026-05-06T18:27:14.5575662-07:00" testType="13cdc9d9-ddb5-4fa4-a97d-d965ccfc6d4b" outcome="Passed" testListId="8c84fa94-04c1-424b-9868-57a2d4851a1d" relativeResultsDirectory="96cd1d1e-1039-4b88-96d0-982d7eb76d54" />
    <UnitTestResult executionId="bdbdfc96-932f-4e64-bea2-96b717ba65a4" testId="09266a61-1cdf-1fe0-3d37-1445200fed5c" testName="Family_emoji_position_divergence_matches_doc" computerName="ERICZSURFACE" duration="00:00:00.0675500" startTime="2026-05-06T18:27:13.9582797-07:00" endTime="2026-05-06T18:27:14.0258034-07:00" testType="13cdc9d9-ddb5-4fa4-a97d-d965ccfc6d4b" outcome="Failed" testListId="8c84fa94-04c1-424b-9868-57a2d4851a1d" relativeResultsDirectory="bdbdfc96-932f-4e64-bea2-96b717ba65a4">
      <Output>
        <ErrorInfo>
          <Message>  8 UTF-16 chars for family + '[' + ']' + '\n' + 4 chars 'port' + ' ' = 16&#xD;
Assert.That(result.ErrorCharIndex, Is.EqualTo(16))&#xD;
  Expected: 16&#xD;
  But was:  10&#xD;
</Message>
          <StackTrace>   at InductorParser.Tests.DocExamples.Primer2Examples.Family_emoji_position_divergence_matches_doc() in C:\Users\ericz\Enlistments\InductorCSParserWorktrees\StateMachine\src\InductorParser.Tests\DocExamples\Primer2Examples.cs:line 273&#xD;

1)    at InductorParser.Tests.DocExamples.Primer2Examples.Family_emoji_position_divergence_matches_doc() in C:\Users\ericz\Enlistments\InductorCSParserWorktrees\StateMachine\src\InductorParser.Tests\DocExamples\Primer2Examples.cs:line 273&#xD;

</StackTrace>
        </ErrorInfo>
      </Output>
    </UnitTestResult>
    <UnitTestResult executionId="8b073b67-ebcf-49c6-b5c3-9631902e5dbb" testId="3c7c63b6-7cd8-7265-3a8f-86acef102c7c" testName="Multi_rune_single_grapheme_distinguishes_char_and_grapheme_counts" computerName="ERICZSURFACE" duration="00:00:00.0045360" startTime="2026-05-06T18:27:14.4848716-07:00" endTime="2026-05-06T18:27:14.4894065-07:00" testType="13cdc9d9-ddb5-4fa4-a97d-d965ccfc6d4b" outcome="Passed" testListId="8c84fa94-04c1-424b-9868-57a2d4851a1d" relativeResultsDirectory="8b073b67-ebcf-49c6-b5c3-9631902e5dbb" />
    <UnitTestResult executionId="9fcb5131-07d2-48d6-9c1d-55b6b0810ff8" testId="16149456-bea3-1ed4-72ce-a3876381a31c" testName="Devanagari_identifier_with_combining_marks_matches" computerName="ERICZSURFACE" duration="00:00:00.1007099" startTime="2026-05-06T18:27:14.5577325-07:00" endTime="2026-05-06T18:27:14.6584424-07:00" testType="13cdc9d9-ddb5-4fa4-a97d-d965ccfc6d4b" outcome="Failed" testListId="8c84fa94-04c1-424b-9868-57a2d4851a1d" relativeResultsDirectory="9fcb5131-07d2-48d6-9c1d-55b6b0810ff8">
      <Output>
        <ErrorInfo>
          <Message>  Parse failed at offset 2: unexpected 'न्'.&#xD;
Assert.That(result.Success, Is.True)&#xD;
  Expected: True&#xD;
  But was:  False&#xD;
</Message>
          <StackTrace>   at InductorParser.Tests.XidIdentifierTests.Devanagari_identifier_with_combining_marks_matches() in C:\Users\ericz\Enlistments\InductorCSParserWorktrees\StateMachine\src\InductorParser.Tests\Core\XidIdentifierTests.cs:line 89&#xD;

1)    at InductorParser.Tests.XidIdentifierTests.Devanagari_identifier_with_combining_marks_matches() in C:\Users\ericz\Enlistments\InductorCSParserWorktrees\StateMachine\src\InductorParser.Tests\Core\XidIdentifierTests.cs:line 89&#xD;

</StackTrace>
        </ErrorInfo>
      </Output>
    </UnitTestResult>
    <UnitTestResult executionId="f100db4b-665b-41a8-a6f4-f1249d8fa3de" testId="341b8b55-1b7d-d4de-a839-8fe1b85e597d" testName="Identifier_range_diverges_grapheme_from_rune_for_combining_mark" computerName="ERICZSURFACE" duration="00:00:00.0009040" startTime="2026-05-06T18:27:14.4895405-07:00" endTime="2026-05-06T18:27:14.4904437-07:00" testType="13cdc9d9-ddb5-4fa4-a97d-d965ccfc6d4b" outcome="Failed" testListId="8c84fa94-04c1-424b-9868-57a2d4851a1d" relativeResultsDirectory="f100db4b-665b-41a8-a6f4-f1249d8fa3de">
      <Output>
        <ErrorInfo>
          <Message>  Assert.That(result.Success, Is.True)&#xD;
  Expected: True&#xD;
  But was:  False&#xD;
</Message>
          <StackTrace>   at InductorParser.Tests.SymbolPositionTests.Identifier_range_diverges_grapheme_from_rune_for_combining_mark() in C:\Users\ericz\Enlistments\InductorCSParserWorktrees\StateMachine\src\InductorParser.Tests\Core\SymbolPositionTests.cs:line 506&#xD;

1)    at InductorParser.Tests.SymbolPositionTests.Identifier_range_diverges_grapheme_from_rune_for_combining_mark() in C:\Users\ericz\Enlistments\InductorCSParserWorktrees\StateMachine\src\InductorParser.Tests\Core\SymbolPositionTests.cs:line 506&#xD;

</StackTrace>
        </ErrorInfo>
      </Output>
    </UnitTestResult>
    <UnitTestResult executionId="fb263dce-6daf-4ad4-ae63-b6be89c243cf" testId="96bbd47f-049c-ae4a-6824-ba4e1f64b38d" testName="Identifier_matches_unicode_scripts" computerName="ERICZSURFACE" duration="00:00:00.2850010" startTime="2026-05-06T18:27:14.0278400-07:00" endTime="2026-05-06T18:27:14.3128409-07:00" testType="13cdc9d9-ddb5-4fa4-a97d-d965ccfc6d4b" outcome="Failed" testListId="8c84fa94-04c1-424b-9868-57a2d4851a1d" relativeResultsDirectory="fb263dce-6daf-4ad4-ae63-b6be89c243cf">
      <Output>
        <ErrorInfo>
          <Message>  Devanagari&#xD;
Assert.That(identifier.Parse("हिन्दी").Success, Is.True)&#xD;
  Expected: True&#xD;
  But was:  False&#xD;
</Message>
          <StackTrace>   at InductorParser.Tests.DocExamples.RecipesExamples.Identifier_matches_unicode_scripts() in C:\Users\ericz\Enlistments\InductorCSParserWorktrees\StateMachine\src\InductorParser.Tests\DocExamples\RecipesExamples.cs:line 95&#xD;

1)    at InductorParser.Tests.DocExamples.RecipesExamples.Identifier_matches_unicode_scripts() in C:\Users\ericz\Enlistments\InductorCSParserWorktrees\StateMachine\src\InductorParser.Tests\DocExamples\RecipesExamples.cs:line 95&#xD;

</StackTrace>
        </ErrorInfo>
      </Output>
    </UnitTestResult>
  </Results>
  <TestDefinitions>
    <UnitTest name="Identifier_works_on_multi_script_input" storage="c:\users\ericz\enlistments\inductorcsparserworktrees\statemachine\src\inductorparser.tests\bin\debug\net8.0\inductorparser.tests.dll" id="a671ca85-18c2-dfe1-ece2-e9359d502189">
      <Execution id="442d74e7-9572-468a-b95b-cae9a0c8c214" />
      <TestMethod codeBase="C:\Users\ericz\Enlistments\InductorCSParserWorktrees\StateMachine\src\InductorParser.Tests\bin\Debug\net8.0\InductorParser.Tests.dll" adapterTypeName="executor://nunit3testexecutor/" className="InductorParser.Tests.DocExamples.UnicodeGotchasExamples" name="Identifier_works_on_multi_script_input" />
    </UnitTest>
    <UnitTest name="Devanagari_identifier_with_combining_marks_matches" storage="c:\users\ericz\enlistments\inductorcsparserworktrees\statemachine\src\inductorparser.tests\bin\debug\net8.0\inductorparser.tests.dll" id="16149456-bea3-1ed4-72ce-a3876381a31c">
      <Execution id="9fcb5131-07d2-48d6-9c1d-55b6b0810ff8" />
      <TestMethod codeBase="C:\Users\ericz\Enlistments\InductorCSParserWorktrees\StateMachine\src\InductorParser.Tests\bin\Debug\net8.0\InductorParser.Tests.dll" adapterTypeName="executor://nunit3testexecutor/" className="InductorParser.Tests.XidIdentifierTests" name="Devanagari_identifier_with_combining_marks_matches" />
    </UnitTest>
    <UnitTest name="Family_emoji_position_divergence_matches_doc" storage="c:\users\ericz\enlistments\inductorcsparserworktrees\statemachine\src\inductorparser.tests\bin\debug\net8.0\inductorparser.tests.dll" id="09266a61-1cdf-1fe0-3d37-1445200fed5c">
      <Execution id="bdbdfc96-932f-4e64-bea2-96b717ba65a4" />
      <TestMethod codeBase="C:\Users\ericz\Enlistments\InductorCSParserWorktrees\StateMachine\src\InductorParser.Tests\bin\Debug\net8.0\InductorParser.Tests.dll" adapterTypeName="executor://nunit3testexecutor/" className="InductorParser.Tests.DocExamples.Primer2Examples" name="Family_emoji_position_divergence_matches_doc" />
    </UnitTest>
    <UnitTest name="Devanagari_virama_at_start_of_input_is_one_token" storage="c:\users\ericz\enlistments\inductorcsparserworktrees\statemachine\src\inductorparser.tests\bin\debug\net8.0\inductorparser.tests.dll" id="9b55ef0d-534a-4cee-fc08-1e507d1da294">
      <Execution id="bf9b2fa2-afec-42b0-814e-b4338b1f57a3" />
      <TestMethod codeBase="C:\Users\ericz\Enlistments\InductorCSParserWorktrees\StateMachine\src\InductorParser.Tests\bin\Debug\net8.0\InductorParser.Tests.dll" adapterTypeName="executor://nunit3testexecutor/" className="InductorParser.Tests.UnexpectedUnicodeTests" name="Devanagari_virama_at_start_of_input_is_one_token" />
    </UnitTest>
    <UnitTest name="Identifier_matches_unicode_scripts" storage="c:\users\ericz\enlistments\inductorcsparserworktrees\statemachine\src\inductorparser.tests\bin\debug\net8.0\inductorparser.tests.dll" id="96bbd47f-049c-ae4a-6824-ba4e1f64b38d">
      <Execution id="fb263dce-6daf-4ad4-ae63-b6be89c243cf" />
      <TestMethod codeBase="C:\Users\ericz\Enlistments\InductorCSParserWorktrees\StateMachine\src\InductorParser.Tests\bin\Debug\net8.0\InductorParser.Tests.dll" adapterTypeName="executor://nunit3testexecutor/" className="InductorParser.Tests.DocExamples.RecipesExamples" name="Identifier_matches_unicode_scripts" />
    </UnitTest>
    <UnitTest name="Identifier_range_diverges_grapheme_from_rune_for_combining_mark" storage="c:\users\ericz\enlistments\inductorcsparserworktrees\statemachine\src\inductorparser.tests\bin\debug\net8.0\inductorparser.tests.dll" id="341b8b55-1b7d-d4de-a839-8fe1b85e597d">
      <Execution id="f100db4b-665b-41a8-a6f4-f1249d8fa3de" />
      <TestMethod codeBase="C:\Users\ericz\Enlistments\InductorCSParserWorktrees\StateMachine\src\InductorParser.Tests\bin\Debug\net8.0\InductorParser.Tests.dll" adapterTypeName="executor://nunit3testexecutor/" className="InductorParser.Tests.SymbolPositionTests" name="Identifier_range_diverges_grapheme_from_rune_for_combining_mark" />
    </UnitTest>
    <UnitTest name="Multi_rune_single_grapheme_distinguishes_char_and_grapheme_counts" storage="c:\users\ericz\enlistments\inductorcsparserworktrees\statemachine\src\inductorparser.tests\bin\debug\net8.0\inductorparser.tests.dll" id="3c7c63b6-7cd8-7265-3a8f-86acef102c7c">
      <Execution id="8b073b67-ebcf-49c6-b5c3-9631902e5dbb" />
      <TestMethod codeBase="C:\Users\ericz\Enlistments\InductorCSParserWorktrees\StateMachine\src\InductorParser.Tests\bin\Debug\net8.0\InductorParser.Tests.dll" adapterTypeName="executor://nunit3testexecutor/" className="InductorParser.Tests.ErrorPositionTests" name="Multi_rune_single_grapheme_distinguishes_char_and_grapheme_counts" />
    </UnitTest>
    <UnitTest name="Devanagari_consonant_plus_vowel_sign_grapheme_matches" storage="c:\users\ericz\enlistments\inductorcsparserworktrees\statemachine\src\inductorparser.tests\bin\debug\net8.0\inductorparser.tests.dll" id="4ad0de88-12c2-44bb-79a0-7a63f7908c4c">
      <Execution id="96cd1d1e-1039-4b88-96d0-982d7eb76d54" />
      <TestMethod codeBase="C:\Users\ericz\Enlistments\InductorCSParserWorktrees\StateMachine\src\InductorParser.Tests\bin\Debug\net8.0\InductorParser.Tests.dll" adapterTypeName="executor://nunit3testexecutor/" className="InductorParser.Tests.WithinTokenRuleTests" name="Devanagari_consonant_plus_vowel_sign_grapheme_matches" />
    </UnitTest>
  </TestDefinitions>
  <TestEntries>
    <TestEntry testId="9b55ef0d-534a-4cee-fc08-1e507d1da294" executionId="bf9b2fa2-afec-42b0-814e-b4338b1f57a3" testListId="8c84fa94-04c1-424b-9868-57a2d4851a1d" />
    <TestEntry testId="a671ca85-18c2-dfe1-ece2-e9359d502189" executionId="442d74e7-9572-468a-b95b-cae9a0c8c214" testListId="8c84fa94-04c1-424b-9868-57a2d4851a1d" />
    <TestEntry testId="4ad0de88-12c2-44bb-79a0-7a63f7908c4c" executionId="96cd1d1e-1039-4b88-96d0-982d7eb76d54" testListId="8c84fa94-04c1-424b-9868-57a2d4851a1d" />
    <TestEntry testId="09266a61-1cdf-1fe0-3d37-1445200fed5c" executionId="bdbdfc96-932f-4e64-bea2-96b717ba65a4" testListId="8c84fa94-04c1-424b-9868-57a2d4851a1d" />
    <TestEntry testId="3c7c63b6-7cd8-7265-3a8f-86acef102c7c" executionId="8b073b67-ebcf-49c6-b5c3-9631902e5dbb" testListId="8c84fa94-04c1-424b-9868-57a2d4851a1d" />
    <TestEntry testId="16149456-bea3-1ed4-72ce-a3876381a31c" executionId="9fcb5131-07d2-48d6-9c1d-55b6b0810ff8" testListId="8c84fa94-04c1-424b-9868-57a2d4851a1d" />
    <TestEntry testId="341b8b55-1b7d-d4de-a839-8fe1b85e597d" executionId="f100db4b-665b-41a8-a6f4-f1249d8fa3de" testListId="8c84fa94-04c1-424b-9868-57a2d4851a1d" />
    <TestEntry testId="96bbd47f-049c-ae4a-6824-ba4e1f64b38d" executionId="fb263dce-6daf-4ad4-ae63-b6be89c243cf" testListId="8c84fa94-04c1-424b-9868-57a2d4851a1d" />
  </TestEntries>
  <TestLists>
    <TestList name="Results Not in a List" id="8c84fa94-04c1-424b-9868-57a2d4851a1d" />
    <TestList name="All Loaded Results" id="19431567-8539-422a-85d7-44ee4e166bda" />
  </TestLists>
  <ResultSummary outcome="Failed">
    <Counters total="8" executed="8" passed="3" failed="5" error="0" timeout="0" aborted="0" inconclusive="0" passedButRunAborted="0" notRunnable="0" notExecuted="0" disconnected="0" warning="0" completed="0" inProgress="0" pending="0" />
    <Output>
      <StdOut>NUnit Adapter 4.6.0.0: Test execution started&#xD;
Running selected tests in C:\Users\ericz\Enlistments\InductorCSParserWorktrees\StateMachine\src\InductorParser.Tests\bin\Debug\net8.0\InductorParser.Tests.dll&#xD;
   NUnit3TestExecutor discovered 8 of 8 NUnit test cases using Current Discovery mode, Non-Explicit run&#xD;
NUnit Adapter 4.6.0.0: Test execution complete&#xD;
</StdOut>
    </Output>
  </ResultSummary>
</TestRun>